 *****************************************************

 ELEMENTARY INTEGRAL (C.V.) MIXING ANALYSIS
 VARIABLE AREA EXTENTSIONS
 CODE AND ANALYSIS, LAWRENCE J. DE CHANT

 *****************************************************

 *****************************************************

 SUBSONIC SOLUTION

 *****************************************************


 ---------------------
 EJECTOR SOLUTION
 ---------------------
 INITIAL SECONDARY MACH NUMBER=  0.5
 SECONDARY MACH NUMBER=  0.528017745
 ITERATION= 1
 SECONDARY MACH NUMBER=  0.531492214
 ITERATION= 2
 SECONDARY MACH NUMBER=  0.532045785
 ITERATION= 3
 SECONDARY MACH NUMBER=  0.532042551

 P1D=  2042.93997
 T1D=  841.899821
 U1D=  1657.42195
 RM1=  1.16473541
 RH1D=  0.00141244658
 RMD1D=  14.0461197
 P01D=  4733.1442
 T01D=  1070.32552


 P2D=  1722.5532
 T2D=  511.132412
 U2D=  589.917548
 RM2=  0.532045785
 RH2D=  0.00196162534
 RMD2D=  12.1505707
 P02D=  2088.72223
 T02D=  540.06994

 SUBSONIC MACH=  0.771704273
 SUPERSONIC MACH=  1.38524682

 SUB PRESSURE=  2059.0375
 SUP PRESSURE=  1031.54864

 SUB VELOCITY=  1059.62265
 SUP VELOCITY=  1674.42885

 SUB TEMPERATURE=  736.643633
 SUP TEMPERATURE=  595.745635

 SUB DENSITY=  0.00157720319
 SUP DENSITY=  0.00099809569


 SUBSONIC TOTAL PRESSURE=  3052.90195
 SUPERSONIC TOTAL PRESSURE=  3215.33561
 PRIMARY INLET RECOVERY=  1.
 SECONDARY INLET RECOVEY=  0.98

 NPR=  2.31941112


 PUMPING RATIO W2/W1=  0.865048209

 CORRECTED PUMPING RATION W2/W1*(T02/T01)**.5
 W2/W1 CORR.=  0.614479463

 DIM. SHROUD LENGTH  4.82418151
 SECONDARY TO TOTAL MASS FLOW W2/(W1+W2)=  0.46382083


 P02/P01=  0.441296977

 IDEAL (PRIMARY ONLY) GROSS THRUST=  23293.9904
 SUBSONIC EXIT MASS FLOW RATE=  26.1966904
 SUPERSONIC EXIT MASS FLOW RATE=  26.1966904
 SUBSONIC GROSS THRUST (MOMENTUM COMPONENT)=  27758.6065
 SUPERSONIC GROSS THRUST (MOMENTUM COMPONENT)=  43864.4943
 SUBSONIC GROSS THRUST (PRESSURE COMPONENT)=  287.967889
 SUPERSONIC GROSS THRUST (PRESSURE COMPONENT)= -15817.9199
 SUBSONIC GROSS THRUST (OVERALL)=  28046.5744
 SUPERSONIC GROSS THRUST (OVERALL)=  28046.5744

 SUBSONIC CFG=  1.20402619
 SUPERSONIC CFG=  1.20402619

 GEOMETRY
 PRIMARY AREA=  6.
 SECONDARY AREA=  10.5
 NET INLET AREA=  16.5
 EXIT AREA=  15.675


 MASS CONSERVATION RESIDUALS
 SUBSONIC RESMB=  6.78084448E-017

 ENERGY CONSERVATION RESIDUALS
 SUBSONIC RESEB= -2.00287701E-017

 VARIABLE AREA MOMENTUM RESIDUAL
 SUBSONIC RESMOMB= -1.02318154E-012

 SUBSONIC TOTAL TEMPERATURE=  824.381939
 SUBSONIC ENTROPY GENERATION S/R=  6.69845408

 SUPERSONIC ENTROPY GENERATION S/R=  5.34044012

 SUBSONIC STEADY SOLUTION
 PINF=  2040.66634
 P3B=  2059.0375
 ERROR=  0.00900252865

 DEGREE OF MIXING IN PRESSURE CONSTRAINT
  0.991073506

 TOTALLY UNMIXED (COMPARISON)
  0.665005007
 PERCENT DIFFERENCE
  32.9005363


 -----------------------------------------------------
 PARABOLIC MARCHING CODE
 STREAMWISE CRANK-NICOLSON, DX**2
 CROSS-STREAM COMPACT, KRIESS DY**4
 CONSERVATIVE FLUX, PRIMITIVE VARIABLE DECODE

 CODE AND ANALYSIS: LAWRENCE J. DE CHANT; TEXAS A&M
 -----------------------------------------------------

 AVERAGE VALUES

 RMAV=  0.76211474
 UAVE=  978.100967
 GAVE=  3684.40185
 TAVE=  631.41147
 ROAVE=  0.00176192397
 PAVE=  1839.05748
 RUAVE=  1.58767821
 RUHAVE=  7870134.54
 PTOAVE=  3050.33021
 PT0AVE/PAVE=  1.65863778
 T0AVE=  732.890153

 GEOMETRY
 RL=  4.82418151
 HY/EPS2=  1.
 EPS**.5=  0.0160978617
 DX0C=  0.964836303

 DIMENSIONLESS INLET QUANTITIES

 CONSERVATIVE VALUES
 G10=  1.60758736
 G20=  0.652807224
 GC10=  1.98861044
 GC20=  0.435079749
 RU10=  1.47449272
 RU20=  0.728861305
 RUH10=  1.91438836
 RUH20=  0.477492364

 PRIMITIVE INLET VARIABLES
 RM1=  1.16473541
 RM2=  0.532045785
 U1=  1.69453053
 U2=  0.603125412
 P1=  1.11086249
 P2=  0.936650005
 T1=  1.33336162
 T2=  0.809507645
 PTO1=  2.57367931
 PT02=  1.1357569
 RHO1=  0.801650127
 RHO1=  1.11334278

 HSP=  0.363636364
 JSP= 8
 LOWER STREAM GRID SPACING
 DY10=  0.0519480519
 UPPER STREAM GRID SPACING
 DY20=  0.0578512397
 JUMP DELTA=  7.67336039E-006


 X LOCATION=  0.
 GRID POINT I= 0
 LOCAL TURBULENT REYNOLDS NUMBER
  0.991073506

 Y LOCATION
    0.000000    0.051948    0.103896    0.155844    0.207792    0.259740
    0.311688    0.363633    0.363640    0.421488    0.479339    0.537190
    0.595041    0.652893    0.710744    0.768595    0.826446    0.884298
    0.942149    1.000000

 VELOCITY/UAVE
    1.694531    1.694531    1.694531    1.694531    1.694531    1.694531
    1.694531    1.694531    0.603125    0.603125    0.603125    0.603125
    0.603125    0.603125    0.603125    0.603125    0.603125    0.603125
    0.603125    0.603125

 PRESSURE/PAVE
    1.110862    1.110862    1.110862    1.110862    1.110862    1.110862
    1.110862    1.110862    0.936650    0.936650    0.936650    0.936650
    0.936650    0.936650    0.936650    0.936650    0.936650    0.936650
    0.936650    0.936650

 MACH NUMBER
    1.164735    1.164735    1.164735    1.164735    1.164735    1.164735
    1.164735    1.164735    0.532046    0.532046    0.532046    0.532046
    0.532046    0.532046    0.532046    0.532046    0.532046    0.532046
    0.532046    0.532046

 TOTAL PRESSURE
    2.573679    2.573679    2.573679    2.573679    2.573679    2.573679
    2.573679    2.573679    1.135757    1.135757    1.135757    1.135757
    1.135757    1.135757    1.135757    1.135757    1.135757    1.135757
    1.135757    1.135757


 FULLY DEVELOPED APPROXIMATION
 APPROXIMATE WALL FRICTION=  0.
 APPROXIMATE WALL HEAT TRANSFER=  0.


 X LOCATION=  0.00482418151
 GRID POINT I= 1
 LOCAL TURBULENT REYNOLDS NUMBER
  43554.0568

 Y LOCATION
    0.000000    0.051948    0.103896    0.155844    0.207792    0.259740
    0.311688    0.363633    0.363640    0.421483    0.479330    0.537176
    0.595023    0.652870    0.710717    0.768563    0.826410    0.884257
    0.942103    0.999950

 VELOCITY/UAVE
    1.700612    1.700612    1.700612    1.700612    1.700612    1.700612
    1.700612    1.178680    1.170809    0.607632    0.607632    0.607632
    0.607632    0.607632    0.607632    0.607632    0.607632    0.607632
    0.607632    0.607632

 PRESSURE/PAVE
    1.095829    1.095829    1.095829    1.095829    1.095829    1.095829
    1.095829    1.077305    1.073544    0.915875    0.915875    0.915875
    0.915875    0.915875    0.915875    0.915875    0.915875    0.915875
    0.915875    0.915875

 MACH NUMBER
    1.170058    1.170058    1.170058    1.170058    1.170058    1.170058
    1.170058    0.843738    0.839713    0.536249    0.536249    0.536249
    0.536249    0.536249    0.536249    0.536249    0.536249    0.536249
    0.536249    0.536249

 TOTAL PRESSURE
    2.556263    2.556263    2.556263    2.556263    2.556263    2.556263
    2.556263    1.716620    1.703534    1.113873    1.113873    1.113873
    1.113873    1.113873    1.113873    1.113873    1.113873    1.113873
    1.113873    1.113873


 X LOCATION=  1.20966351
 GRID POINT I= 2
 LOCAL TURBULENT REYNOLDS NUMBER
  129.765141

 Y LOCATION
    0.000000    0.051948    0.103896    0.155844    0.207792    0.259740
    0.311688    0.363633    0.363640    0.420348    0.477059    0.533771
    0.590482    0.647194    0.703905    0.760617    0.817328    0.874040
    0.930751    0.987463

 VELOCITY/UAVE
    1.700149    1.698886    1.690926    1.655810    1.482832    1.436879
    1.335531    1.177293    1.177266    0.964122    0.775166    0.664065
    0.621188    0.609976    0.607925    0.607659    0.607634    0.607632
    0.607632    0.607632

 PRESSURE/PAVE
    1.109978    1.110773    1.115852    1.139806    1.303346    1.245857
    1.177492    1.090254    1.090241    1.002953    0.951104    0.932654
    0.928412    0.927608    0.927476    0.927459    0.927457    0.927457
    0.927457    0.927457

 MACH NUMBER
    1.169689    1.168681    1.162333    1.134319    0.997149    0.975493
    0.923745    0.843029    0.843016    0.732894    0.631629    0.569175
    0.544245    0.537636    0.536423    0.536265    0.536250    0.536249
    0.536249    0.536249

 TOTAL PRESSURE
    2.588039    2.586540    2.577291    2.540449    2.458957    2.292388
    2.043935    1.735981    1.735936    1.433452    1.244277    1.161842
    1.135591    1.129255    1.128120    1.127973    1.127960    1.127959
    1.127959    1.127959


 X LOCATION=  2.41450285
 GRID POINT I= 3
 LOCAL TURBULENT REYNOLDS NUMBER
  59.3088594

 Y LOCATION
    0.000000    0.051948    0.103896    0.155844    0.207792    0.259740
    0.311688    0.363633    0.363640    0.419213    0.474789    0.530365
    0.585941    0.641518    0.697094    0.752670    0.808246    0.863823
    0.919399    0.974975

 VELOCITY/UAVE
    1.478228    1.472753    1.456028    1.427240    1.385363    1.329600
    1.259955    1.177848    1.177835    1.079982    0.978217    0.880763
    0.795508    0.727740    0.678875    0.646859    0.627749    0.617393
    0.612509    0.611100

 PRESSURE/PAVE
    1.293452    1.289140    1.276202    1.254739    1.225232    1.188854
    1.147654    1.104491    1.104485    1.059883    1.020678    0.989643
    0.967751    0.954081    0.946490    0.942659    0.940842    0.940013
    0.939661    0.939565

 MACH NUMBER
    0.996681    0.993873    0.985298    0.970562    0.949165    0.920722
    0.885224    0.843313    0.843307    0.793087    0.740274    0.688816
    0.642787    0.605305    0.577668    0.559234    0.548095    0.542012
    0.539132    0.538300

 TOTAL PRESSURE
    2.438962    2.422905    2.374879    2.295726    2.187966    2.056784
    1.910361    1.759167    1.759145    1.604607    1.468836    1.359190
    1.277764    1.222023    1.186646    1.165669    1.153995    1.147938
    1.145148    1.144352


 X LOCATION=  3.61934218
 GRID POINT I= 4
 LOCAL TURBULENT REYNOLDS NUMBER
  38.4847398

 Y LOCATION
    0.000000    0.051948    0.103896    0.155844    0.207792    0.259740
    0.311688    0.363633    0.363640    0.418077    0.472518    0.526959
    0.581400    0.635841    0.690282    0.744723    0.799164    0.853605
    0.908046    0.962487

 VELOCITY/UAVE
    1.374109    1.369711    1.356560    1.334789    1.304656    1.266597
    1.221282    1.169686    1.169678    1.110297    1.047382    0.983229
    0.920351    0.861266    0.808253    0.763148    0.727238    0.701282
    0.685633    0.680409

 PRESSURE/PAVE
    1.233429    1.230457    1.221692    1.207573    1.188808    1.166332
    1.141250    1.114775    1.114771    1.086871    1.060131    1.035711
    1.014482    0.996965    0.983295    0.973256    0.966371    0.962043
    0.959711    0.958980

 MACH NUMBER
    0.943421    0.941177    0.934468    0.923367    0.908008    0.888610
    0.865499    0.839138    0.839134    0.808690    0.776249    0.742895
    0.709847    0.678385    0.649741    0.625001    0.605024    0.590411
    0.581524    0.578544

 TOTAL PRESSURE
    2.188434    2.177681    2.146033    2.095274    2.028226    1.948517
    1.860298    1.767915    1.767901    1.671179    1.578768    1.494126
    1.419684    1.356802    1.305849    1.266395    1.237489    1.217967
    1.206754    1.203105


 X LOCATION=  4.82418151
 GRID POINT I= 5
 LOCAL TURBULENT REYNOLDS NUMBER
  28.4064488

 Y LOCATION
    0.000000    0.051948    0.103896    0.155844    0.207792    0.259740
    0.311688    0.363633    0.363640    0.416942    0.470248    0.523554
    0.576860    0.630165    0.683471    0.736777    0.790083    0.843388
    0.896694    0.950000

 VELOCITY/UAVE
    1.271064    1.268274    1.259942    1.246190    1.227228    1.203365
    1.175027    1.142774    1.142769    1.106335    1.067438    1.027175
    0.986796    0.947677    0.911265    0.879005    0.852260    0.832216
    0.819798    0.815592

 PRESSURE/PAVE
    1.184267    1.182638    1.177818    1.169997    1.159484    1.146689
    1.132105    1.116283    1.116280    1.099367    1.082393    1.065964
    1.050626    1.036833    1.024932    1.015146    1.007577    1.002233
    0.999066    0.998018

 MACH NUMBER
    0.890887    0.889465    0.885218    0.878206    0.868533    0.856352
    0.841870    0.825358    0.825355    0.806654    0.786616    0.765776
    0.744758    0.724259    0.705037    0.687877    0.673548    0.662742
    0.656016    0.653732

 TOTAL PRESSURE
    1.983331    1.977576    1.960558    1.933006    1.896080    1.851303
    1.800463    1.745515    1.745507    1.686953    1.628294    1.571497
    1.518292    1.470122    1.428110    1.393064    1.365505    1.345718
    1.333824    1.329858

